[debug] [2026-07-09T19:56:10.166Z] ----------------------------------------------------------------------
[debug] [2026-07-09T19:56:10.171Z] Command:       C:\Program Files\nodejs\node.exe C:\Users\berna\AppData\Roaming\npm\node_modules\firebase-tools\lib\bin\firebase.js init hosting:github
[debug] [2026-07-09T19:56:10.171Z] CLI Version:   15.18.0
[debug] [2026-07-09T19:56:10.171Z] Platform:      win32
[debug] [2026-07-09T19:56:10.172Z] Node Version:  v24.11.1
[debug] [2026-07-09T19:56:10.172Z] Time:          Thu Jul 09 2026 21:56:10 GMT+0200 (Ora legale dell’Europa centrale)
[debug] [2026-07-09T19:56:10.172Z] ----------------------------------------------------------------------
[debug] 
[info] 
     ######## #### ########  ######## ########     ###     ######  ########
     ##        ##  ##     ## ##       ##     ##  ##   ##  ##       ##
     ######    ##  ########  ######   ########  #########  ######  ######
     ##        ##  ##    ##  ##       ##     ## ##     ##       ## ##
     ##       #### ##     ## ######## ########  ##     ##  ######  ########

You're about to initialize a Firebase project in this directory:

  D:\Users\berna\Documents\GitHub\alessiobernardini-site

Before we get started, keep in mind:

  * You are initializing within an existing Firebase project directory

[debug] [2026-07-09T19:56:26.118Z] ExitPromptError: User force closed the prompt with SIGINT
    at Interface.sigint (C:\Users\berna\AppData\Roaming\npm\node_modules\firebase-tools\node_modules\@inquirer\core\dist\commonjs\lib\create-prompt.js:101:37)
    at Interface.emit (node:events:508:28)
    at [_ttyWrite] [as _ttyWrite] (node:internal/readline/interface:1317:18)
    at ReadStream.onkeypress (node:internal/readline/interface:284:20)
    at ReadStream.emit (node:events:520:35)
    at emitKeys (node:internal/readline/utils:371:14)
    at emitKeys.next (<anonymous>)
    at ReadStream.onData (node:internal/readline/emitKeypressEvents:64:36)
    at ReadStream.emit (node:events:508:28)
    at addChunk (node:internal/streams/readable:559:12)
[error] 
[error] Error: An unexpected error has occurred.
